// Jest Snapshot v1, https://goo.gl/fbAQLP

exports[`<Button /> Snapshot testing 1`] = `
<DocumentFragment>
  <button
    class="button"
    title="Comprar"
    type="button"
  >
    Comprar
  </button>
</DocumentFragment>
`;
