// Jest Snapshot v1, https://goo.gl/fbAQLP

exports[`<Divider /> Snapshot testing 1`] = `
<DocumentFragment>
  <div
    class="divider"
  />
</DocumentFragment>
`;
