// Jest Snapshot v1, https://goo.gl/fbAQLP

exports[`<Loading /> Snapshot testing 1`] = `
<DocumentFragment>
  <div
    class="loading"
  />
</DocumentFragment>
`;
