// Jest Snapshot v1, https://goo.gl/fbAQLP

exports[`<SearchInput /> Snapshot testing 1`] = `
<DocumentFragment>
  <div
    class="container"
  >
    <input
      class="input input"
      placeholder="Buscar produtos..."
      type="text"
      value=""
    />
    <button
      type="button"
    >
      <img
        alt="Buscar"
        src="ic-search.png"
        title="Buscar"
      />
    </button>
  </div>
</DocumentFragment>
`;
